Γû▓ Next.js 16.1.0 (Turbopack)

  Creating an optimized production build ...

> Build error occurred
Error: Turbopack build failed with 11 errors:
./app/globals.css
Error evaluating Node.js code
Error: It looks like you're trying to use `tailwindcss` directly as a PostCSS plugin. The PostCSS plugin has moved to a separate package, so to continue using Tailwind CSS with PostCSS you'll need to install `@tailwindcss/postcss` and update your PostCSS configuration.
    [at lt (C:\Users\rahul\Downloads\DevFixer.com\node_modules\tailwindcss\dist\lib.js:38:1643)]
    at turbopack:///[turbopack-node]/transforms/postcss.ts:56:14 [C:\Users\rahul\Downloads\DevFixer.com\.next\build\chunks\[root-of-the-server]__51225daf._.js:139:20]
    [at <anonymous>]
    at Module.init (turbopack:///[turbopack-node]/transforms/postcss.ts:43:33) [C:\Users\rahul\Downloads\DevFixer.com\.next\build\chunks\[root-of-the-server]__51225daf._.js:129:35]
    at run (turbopack:///[turbopack-node]/ipc/evaluate.ts:77:20) [C:\Users\rahul\Downloads\DevFixer.com\.next\build\chunks\[root-of-the-server]__974941ed._.js:429:26]
    [at process.processTicksAndRejections (node:internal/process/task_queues:105:5)]

Import trace:
  Client Component Browser:
    ./app/globals.css [Client Component Browser]
    ./app/layout.js [Server Component]


./app/admin/page.js:17:1
Module not found: Can't resolve '@/components/CodeBlock'
  15 |     AlertCircle
  16 | } from 'lucide-react';
> 17 | import CodeBlock from '@/components/CodeBlock';
     | ^^^^^^^^^^^^^^^^^^^^^^^^^^^^^^^^^^^^^^^^^^^^^^^
  18 |
  19 | export default function AdminPanel() {
  20 |     const [formData, setFormData] = useState({



Import traces:
  Client Component Browser:
    ./app/admin/page.js [Client Component Browser]
    ./app/admin/page.js [Server Component]

  Client Component SSR:
    ./app/admin/page.js [Client Component SSR]
    ./app/admin/page.js [Server Component]

https://nextjs.org/docs/messages/module-not-found


./app/editor/page.js:6:1
Module not found: Can't resolve '@/components/CodeBlock'
  4 | import LayoutWrapper from '@/components/LayoutWrapper';
  5 | import { Terminal, Trash2, Zap, Play } from 'lucide-react';
> 6 | import CodeBlock from '@/components/CodeBlock';
    | ^^^^^^^^^^^^^^^^^^^^^^^^^^^^^^^^^^^^^^^^^^^^^^^
  7 |
  8 | export default function EditorPage() {
  9 |     const [content, setContent] = useState('');



Import traces:
  Client Component Browser:
    ./app/editor/page.js [Client Component Browser]
    ./app/editor/page.js [Server Component]

  Client Component SSR:
    ./app/editor/page.js [Client Component SSR]
    ./app/editor/page.js [Server Component]

https://nextjs.org/docs/messages/module-not-found


./app/errors/[slug]/page.js:6:1
Module not found: Can't resolve '@/components/CodeBlock'
  4 | import { useParams } from 'next/navigation';
  5 | import LayoutWrapper from '@/components/LayoutWrapper';
> 6 | import CodeBlock from '@/components/CodeBlock';
    | ^^^^^^^^^^^^^^^^^^^^^^^^^^^^^^^^^^^^^^^^^^^^^^^
  7 | import {
  8 |     AlertCircle,
  9 |     CheckCircle2,



Import traces:
  Client Component Browser:
    ./app/errors/[slug]/page.js [Client Component Browser]
    ./app/errors/[slug]/page.js [Server Component]

  Client Component SSR:
    ./app/errors/[slug]/page.js [Client Component SSR]
    ./app/errors/[slug]/page.js [Server Component]

https://nextjs.org/docs/messages/module-not-found


./app/page.js:5:1
Module not found: Can't resolve '@/components/CodeBlock'
  3 | import React from 'react';
  4 | import LayoutWrapper from '@/components/LayoutWrapper';
> 5 | import CodeBlock from '@/components/CodeBlock';
    | ^^^^^^^^^^^^^^^^^^^^^^^^^^^^^^^^^^^^^^^^^^^^^^^
  6 | import {
  7 |     FileJson,
  8 |     Code2,



Import traces:
  Client Component Browser:
    ./app/page.js [Client Component Browser]
    ./app/page.js [Server Component]

  Client Component SSR:
    ./app/page.js [Client Component SSR]
    ./app/page.js [Server Component]

https://nextjs.org/docs/messages/module-not-found


./app/admin/page.js:4:1
Module not found: Can't resolve '@/components/LayoutWrapper'
  2 |
  3 | import React, { useState } from 'react';
> 4 | import LayoutWrapper from '@/components/LayoutWrapper';
    | ^^^^^^^^^^^^^^^^^^^^^^^^^^^^^^^^^^^^^^^^^^^^^^^^^^^^^^^
  5 | import {
  6 |     Plus,
  7 |     Save,



Import traces:
  Client Component Browser:
    ./app/admin/page.js [Client Component Browser]
    ./app/admin/page.js [Server Component]

  Client Component SSR:
    ./app/admin/page.js [Client Component SSR]
    ./app/admin/page.js [Server Component]

https://nextjs.org/docs/messages/module-not-found


./app/editor/page.js:4:1
Module not found: Can't resolve '@/components/LayoutWrapper'
  2 |
  3 | import React, { useState } from 'react';
> 4 | import LayoutWrapper from '@/components/LayoutWrapper';
    | ^^^^^^^^^^^^^^^^^^^^^^^^^^^^^^^^^^^^^^^^^^^^^^^^^^^^^^^
  5 | import { Terminal, Trash2, Zap, Play } from 'lucide-react';
  6 | import CodeBlock from '@/components/CodeBlock';
  7 |



Import traces:
  Client Component Browser:
    ./app/editor/page.js [Client Component Browser]
    ./app/editor/page.js [Server Component]

  Client Component SSR:
    ./app/editor/page.js [Client Component SSR]
    ./app/editor/page.js [Server Component]

https://nextjs.org/docs/messages/module-not-found


./app/errors/[slug]/page.js:5:1
Module not found: Can't resolve '@/components/LayoutWrapper'
  3 | import React from 'react';
  4 | import { useParams } from 'next/navigation';
> 5 | import LayoutWrapper from '@/components/LayoutWrapper';
    | ^^^^^^^^^^^^^^^^^^^^^^^^^^^^^^^^^^^^^^^^^^^^^^^^^^^^^^^
  6 | import CodeBlock from '@/components/CodeBlock';
  7 | import {
  8 |     AlertCircle,



Import traces:
  Client Component Browser:
    ./app/errors/[slug]/page.js [Client Component Browser]
    ./app/errors/[slug]/page.js [Server Component]

  Client Component SSR:
    ./app/errors/[slug]/page.js [Client Component SSR]
    ./app/errors/[slug]/page.js [Server Component]

https://nextjs.org/docs/messages/module-not-found


./app/languages/[slug]/page.js:5:1
Module not found: Can't resolve '@/components/LayoutWrapper'
  3 | import React from 'react';
  4 | import { useParams } from 'next/navigation';
> 5 | import LayoutWrapper from '@/components/LayoutWrapper';
    | ^^^^^^^^^^^^^^^^^^^^^^^^^^^^^^^^^^^^^^^^^^^^^^^^^^^^^^^
  6 | import {
  7 |     FileJson,
  8 |     Code2,



Import traces:
  Client Component Browser:
    ./app/languages/[slug]/page.js [Client Component Browser]
    ./app/languages/[slug]/page.js [Server Component]

  Client Component SSR:
    ./app/languages/[slug]/page.js [Client Component SSR]
    ./app/languages/[slug]/page.js [Server Component]

https://nextjs.org/docs/messages/module-not-found


./app/page.js:4:1
Module not found: Can't resolve '@/components/LayoutWrapper'
  2 |
  3 | import React from 'react';
> 4 | import LayoutWrapper from '@/components/LayoutWrapper';
    | ^^^^^^^^^^^^^^^^^^^^^^^^^^^^^^^^^^^^^^^^^^^^^^^^^^^^^^^
  5 | import CodeBlock from '@/components/CodeBlock';
  6 | import {
  7 |     FileJson,



Import traces:
  Client Component Browser:
    ./app/page.js [Client Component Browser]
    ./app/page.js [Server Component]

  Client Component SSR:
    ./app/page.js [Client Component SSR]
    ./app/page.js [Server Component]

https://nextjs.org/docs/messages/module-not-found


./app/layout.js:3:1
Module not found: Can't resolve '@/context/ThemeContext'
  1 | import { Inter, JetBrains_Mono } from 'next/font/google';
  2 | import './globals.css';
> 3 | import { ThemeProvider } from '@/context/ThemeContext';
    | ^^^^^^^^^^^^^^^^^^^^^^^^^^^^^^^^^^^^^^^^^^^^^^^^^^^^^^^
  4 |
  5 | const inter = Inter({
  6 |     subsets: ['latin'],



https://nextjs.org/docs/messages/module-not-found


    at Module.init (turbopack:///[turbopack-node]/transforms/postcss.ts:43:33) [C:\Users\rahul\Downloads\DevFixer.com\.next\build\chunks\[root-of-the-server]__51225daf._.js:129:35])
    at run (turbopack:///[turbopack-node]/ipc/evaluate.ts:77:20) [C:\Users\rahul\Downloads\DevFixer.com\.next\build\chunks\[root-of-the-server]__974941ed._.js:429:26])
    at <unknown> (./app/admin/page.js:17:1)
    at <unknown> (https://nextjs.org/docs/messages/module-not-found)
    at <unknown> (./app/editor/page.js:6:1)
    at <unknown> (https://nextjs.org/docs/messages/module-not-found)
    at <unknown> (./app/errors/[slug]/page.js:6:1)
    at <unknown> (https://nextjs.org/docs/messages/module-not-found)
    at <unknown> (./app/page.js:5:1)
    at <unknown> (https://nextjs.org/docs/messages/module-not-found)
    at <unknown> (./app/admin/page.js:4:1)
    at <unknown> (https://nextjs.org/docs/messages/module-not-found)
    at <unknown> (./app/editor/page.js:4:1)
    at <unknown> (https://nextjs.org/docs/messages/module-not-found)
    at <unknown> (./app/errors/[slug]/page.js:5:1)
    at <unknown> (https://nextjs.org/docs/messages/module-not-found)
    at <unknown> (./app/languages/[slug]/page.js:5:1)
    at <unknown> (https://nextjs.org/docs/messages/module-not-found)
    at <unknown> (./app/page.js:4:1)
    at <unknown> (https://nextjs.org/docs/messages/module-not-found)
    at <unknown> (./app/layout.js:3:1)
    at <unknown> (https://nextjs.org/docs/messages/module-not-found)
